

ΓòöΓòÉΓòÉΓòÉΓòÉΓòÉΓòÉΓòÉΓòÉΓòÉΓòÉΓòÉΓòÉΓòÉΓòÉΓòÉΓòÉΓòÉΓòÉΓòÉΓòÉΓòÉΓòÉΓòÉΓòÉΓòÉΓòÉΓòÉΓòÉΓòÉΓòÉΓòÉΓòÉΓòÉΓòÉΓòÉΓòÉΓòÉΓòÉΓòÉΓòÉΓòÉΓòÉΓòÉΓòÉΓòÉΓòÉΓòÉΓòÉΓòÉΓòÉΓòÉΓòÉΓòÉΓòÉΓòÉΓòÉΓòÉΓòÉΓòÉΓòÉΓòÉΓòÉΓòÉΓòÉΓòÉΓòÉΓòÉΓòÉΓòÉΓòÉΓòÉΓòÉΓòÉΓòÉΓòÉΓòÉΓòÉΓòÉΓòÉΓòÉΓòÉΓòÉΓòÉΓòÉΓòÉΓòÉΓòÉΓòÉΓòù
Γòæ               KIß╗éM THß╗¼ TO├ÇN DIß╗åN C├üC MODULE THUß║¼T TO├üN                                Γòæ
Γòæ               Dß╗« LIß╗åU: PPC CASE STUDY 2010 (UniSA)                                    Γòæ
ΓòÜΓòÉΓòÉΓòÉΓòÉΓòÉΓòÉΓòÉΓòÉΓòÉΓòÉΓòÉΓòÉΓòÉΓòÉΓòÉΓòÉΓòÉΓòÉΓòÉΓòÉΓòÉΓòÉΓòÉΓòÉΓòÉΓòÉΓòÉΓòÉΓòÉΓòÉΓòÉΓòÉΓòÉΓòÉΓòÉΓòÉΓòÉΓòÉΓòÉΓòÉΓòÉΓòÉΓòÉΓòÉΓòÉΓòÉΓòÉΓòÉΓòÉΓòÉΓòÉΓòÉΓòÉΓòÉΓòÉΓòÉΓòÉΓòÉΓòÉΓòÉΓòÉΓòÉΓòÉΓòÉΓòÉΓòÉΓòÉΓòÉΓòÉΓòÉΓòÉΓòÉΓòÉΓòÉΓòÉΓòÉΓòÉΓòÉΓòÉΓòÉΓòÉΓòÉΓòÉΓòÉΓòÉΓòÉΓòÉΓòÉΓò¥


ΓûêΓûêΓûêΓûêΓûêΓûêΓûêΓûêΓûêΓûêΓûêΓûêΓûêΓûêΓûêΓûêΓûêΓûêΓûêΓûêΓûêΓûêΓûêΓûêΓûêΓûêΓûêΓûêΓûêΓûêΓûêΓûêΓûêΓûêΓûêΓûêΓûêΓûêΓûêΓûêΓûêΓûêΓûêΓûêΓûêΓûêΓûêΓûêΓûêΓûêΓûêΓûêΓûêΓûêΓûêΓûêΓûêΓûêΓûêΓûêΓûêΓûêΓûêΓûêΓûêΓûêΓûêΓûêΓûêΓûêΓûêΓûêΓûêΓûêΓûêΓûêΓûêΓûêΓûêΓûêΓûêΓûêΓûêΓûêΓûêΓûêΓûêΓûêΓûêΓûê
Γûê  TEST 1: CPM ENGINE (─É╞░ß╗¥ng G─âng - Critical Path Method)
ΓûêΓûêΓûêΓûêΓûêΓûêΓûêΓûêΓûêΓûêΓûêΓûêΓûêΓûêΓûêΓûêΓûêΓûêΓûêΓûêΓûêΓûêΓûêΓûêΓûêΓûêΓûêΓûêΓûêΓûêΓûêΓûêΓûêΓûêΓûêΓûêΓûêΓûêΓûêΓûêΓûêΓûêΓûêΓûêΓûêΓûêΓûêΓûêΓûêΓûêΓûêΓûêΓûêΓûêΓûêΓûêΓûêΓûêΓûêΓûêΓûêΓûêΓûêΓûêΓûêΓûêΓûêΓûêΓûêΓûêΓûêΓûêΓûêΓûêΓûêΓûêΓûêΓûêΓûêΓûêΓûêΓûêΓûêΓûêΓûêΓûêΓûêΓûêΓûêΓûê
─Éß╗æi chiß║┐u vß╗¢i kß║┐t quß║ú t├¡nh tay tß╗½ Case Study Q2
Gß╗úi ├╜: Thß╗¥i gian ho├án th├ánh dß╗▒ ├ín = 66 ng├áy

Γ£à ─Éß╗ô thß╗ï DAG ─æ├ú x├óy dß╗▒ng: 21 nodes, 26 edges
   L├á DAG hß╗úp lß╗ç (kh├┤ng chu tr├¼nh): True

==========================================================================================
Kß║╛T QUß║ó PH├éN T├ìCH CPM (Critical Path Method)
==========================================================================================
Task   Name                                 Dur   ES   EF   LS   LF   TS   FS   CP
------------------------------------------------------------------------------------------
A      Quyß║┐t ─æß╗ïnh kiß║┐n tr├║c                   4    0    4    0    4    0    0    Γ£ô
B      ─Éß║╖c tß║ú phß║ºn cß╗⌐ng                       6    4   10   15   21   11    0     
C      ─Éß║╖c tß║ú phß║ºn mß╗üm                        7    4   11    4   11    0    0    Γ£ô
D      Thiß║┐t kß║┐ b─âng chuyß╗ün                   8   10   18   21   29   11    0     
E      Thiß║┐t kß║┐ phß║ºn cß╗⌐ng                     6   10   16   22   28   12    7     
F      Thiß║┐t kß║┐ phß║ºn mß╗üm                     12   11   23   16   28    5    0     
G      T├ái liß╗çu hß╗ç ─æiß╗üu h├ánh                 10   11   21   11   21    0    0    Γ£ô
K      Bß║ún vß║╜ b─âng chuyß╗ün chi tiß║┐t            7   18   25   29   36   11    6     
H      Bß║ún vß║╜ phß║ºn cß╗⌐ng chi tiß║┐t              8   23   31   28   36    5    0     
I      Lß║¡p tr├¼nh phß║ºn mß╗üm                    16   21   37   21   37    0    0    Γ£ô
L      T├¡ch hß╗úp nhß╗Å/Kiß╗âm tra bß║ún vß║╜           9   31   40   36   45    5    0     
M      Ph├ít triß╗ân nguy├¬n mß║½u                  4   31   35   45   49   14   14     
J      X├íc minh/kiß╗âm thß╗¡ phß║ºn mß╗üm            12   37   49   37   49    0    0    Γ£ô
O      ─Éß║╖t h├áng/Giao phß║ºn cß╗⌐ng                7   40   47   45   52    5    0     
P      Giao diß╗çn hß╗ç thß╗æng                     5   40   45   47   52    7    2     
N      C├ái ─æß║╖t nguy├¬n mß║½u                     7   49   56   49   56    0    0    Γ£ô
Q      Lß║»p r├íp phß║ºn cß╗⌐ng                      4   47   51   52   56    5    5     
R      T├¡ch hß╗úp phß║ºn cß╗⌐ng/phß║ºn mß╗üm            5   56   61   56   61    0    0    Γ£ô
S      T├ái liß╗çu phß║ºn cß╗⌐ng/phß║ºn mß╗üm            2   61   63   62   64    1    1     
T      X├íc minh hß╗ç thß╗æng                      3   61   64   61   64    0    0    Γ£ô
U      Kiß╗âm tra nghiß╗çm thu                    2   64   66   64   66    0    0    Γ£ô
------------------------------------------------------------------------------------------
Thß╗¥i gian ho├án th├ánh dß╗▒ ├ín: 66 ng├áy
─É╞░ß╗¥ng g─âng: A ΓåÆ C ΓåÆ G ΓåÆ I ΓåÆ J ΓåÆ N ΓåÆ R ΓåÆ T ΓåÆ U
==========================================================================================

ΓöÇΓöÇΓöÇΓöÇΓöÇΓöÇΓöÇΓöÇΓöÇΓöÇΓöÇΓöÇΓöÇΓöÇΓöÇΓöÇΓöÇΓöÇΓöÇΓöÇΓöÇΓöÇΓöÇΓöÇΓöÇΓöÇΓöÇΓöÇΓöÇΓöÇΓöÇΓöÇΓöÇΓöÇΓöÇΓöÇΓöÇΓöÇΓöÇΓöÇΓöÇΓöÇΓöÇΓöÇΓöÇΓöÇΓöÇΓöÇΓöÇΓöÇΓöÇΓöÇΓöÇΓöÇΓöÇΓöÇΓöÇΓöÇΓöÇΓöÇΓöÇΓöÇΓöÇΓöÇΓöÇΓöÇΓöÇΓöÇΓöÇΓöÇΓöÇΓöÇΓöÇΓöÇΓöÇΓöÇΓöÇΓöÇΓöÇΓöÇΓöÇΓöÇΓöÇΓöÇΓöÇΓöÇΓöÇΓöÇΓöÇΓöÇ
─Éß╗ÉI CHIß║╛U Vß╗ÜI Kß║╛T QUß║ó T├ìNH TAY (CASE STUDY)
ΓöÇΓöÇΓöÇΓöÇΓöÇΓöÇΓöÇΓöÇΓöÇΓöÇΓöÇΓöÇΓöÇΓöÇΓöÇΓöÇΓöÇΓöÇΓöÇΓöÇΓöÇΓöÇΓöÇΓöÇΓöÇΓöÇΓöÇΓöÇΓöÇΓöÇΓöÇΓöÇΓöÇΓöÇΓöÇΓöÇΓöÇΓöÇΓöÇΓöÇΓöÇΓöÇΓöÇΓöÇΓöÇΓöÇΓöÇΓöÇΓöÇΓöÇΓöÇΓöÇΓöÇΓöÇΓöÇΓöÇΓöÇΓöÇΓöÇΓöÇΓöÇΓöÇΓöÇΓöÇΓöÇΓöÇΓöÇΓöÇΓöÇΓöÇΓöÇΓöÇΓöÇΓöÇΓöÇΓöÇΓöÇΓöÇΓöÇΓöÇΓöÇΓöÇΓöÇΓöÇΓöÇΓöÇΓöÇΓöÇΓöÇΓöÇ
  Γ£à PASS | Thß╗¥i gian dß╗▒ ├ín: got=66, expected=66

  Task     ES   EF   LS   LF   TS   FS  |   ES*  EF*  LS*  LF*  TS*  FS*  | Status
  ΓöÇΓöÇΓöÇΓöÇΓöÇΓöÇ ΓöÇΓöÇΓöÇΓöÇ ΓöÇΓöÇΓöÇΓöÇ ΓöÇΓöÇΓöÇΓöÇ ΓöÇΓöÇΓöÇΓöÇ ΓöÇΓöÇΓöÇΓöÇ ΓöÇΓöÇΓöÇΓöÇ  |  ΓöÇΓöÇΓöÇΓöÇ ΓöÇΓöÇΓöÇΓöÇ ΓöÇΓöÇΓöÇΓöÇ ΓöÇΓöÇΓöÇΓöÇ ΓöÇΓöÇΓöÇΓöÇ ΓöÇΓöÇΓöÇΓöÇ  | ΓöÇΓöÇΓöÇΓöÇΓöÇΓöÇ
  A         0    4    0    4    0    0  |     0    4    0    4    0    0  | Γ£à
  B         4   10   15   21   11    0  |     4   10   15   21   11    0  | Γ£à
  C         4   11    4   11    0    0  |     4   11    4   11    0    0  | Γ£à
  D        10   18   21   29   11    0  |    10   18   21   29   11    0  | Γ£à
  E        10   16   22   28   12    7  |    10   16   22   28   12    7  | Γ£à
  F        11   23   16   28    5    0  |    11   23   16   28    5    0  | Γ£à
  G        11   21   11   21    0    0  |    11   21   11   21    0    0  | Γ£à
  H        23   31   28   36    5    0  |    23   31   28   36    5    0  | Γ£à
  I        21   37   21   37    0    0  |    21   37   21   37    0    0  | Γ£à
  J        37   49   37   49    0    0  |    37   49   37   49    0    0  | Γ£à
  K        18   25   29   36   11    6  |    18   25   29   36   11    6  | Γ£à
  L        31   40   36   45    5    0  |    31   40   36   45    5    0  | Γ£à
  M        31   35   45   49   14   14  |    31   35   45   49   14   14  | Γ£à
  N        49   56   49   56    0    0  |    49   56   49   56    0    0  | Γ£à
  O        40   47   45   52    5    0  |    40   47   45   52    5    0  | Γ£à
  P        40   45   47   52    7    2  |    40   45   47   52    7    2  | Γ£à
  Q        47   51   52   56    5    5  |    47   51   52   56    5    5  | Γ£à
  R        56   61   56   61    0    0  |    56   61   56   61    0    0  | Γ£à
  S        61   63   62   64    1    1  |    61   63   62   64    1    1  | Γ£à
  T        61   64   61   64    0    0  |    61   64   61   64    0    0  | Γ£à
  U        64   66   64   66    0    0  |    64   66   64   66    0    0  | Γ£à

  ─É╞░ß╗¥ng g─âng thuß║¡t to├ín:  A ΓåÆ C ΓåÆ G ΓåÆ I ΓåÆ J ΓåÆ N ΓåÆ R ΓåÆ T ΓåÆ U

  ≡ƒÄë Tß║ñT Cß║ó Kß║╛T QUß║ó CPM KHß╗ÜP HO├ÇN TO├ÇN Vß╗ÜI T├ìNH TAY!


ΓûêΓûêΓûêΓûêΓûêΓûêΓûêΓûêΓûêΓûêΓûêΓûêΓûêΓûêΓûêΓûêΓûêΓûêΓûêΓûêΓûêΓûêΓûêΓûêΓûêΓûêΓûêΓûêΓûêΓûêΓûêΓûêΓûêΓûêΓûêΓûêΓûêΓûêΓûêΓûêΓûêΓûêΓûêΓûêΓûêΓûêΓûêΓûêΓûêΓûêΓûêΓûêΓûêΓûêΓûêΓûêΓûêΓûêΓûêΓûêΓûêΓûêΓûêΓûêΓûêΓûêΓûêΓûêΓûêΓûêΓûêΓûêΓûêΓûêΓûêΓûêΓûêΓûêΓûêΓûêΓûêΓûêΓûêΓûêΓûêΓûêΓûêΓûêΓûêΓûê
Γûê  TEST 2: Tß╗öNG CHI PH├ì NH├éN C├öNG (Q3c - Labor Cost)
ΓûêΓûêΓûêΓûêΓûêΓûêΓûêΓûêΓûêΓûêΓûêΓûêΓûêΓûêΓûêΓûêΓûêΓûêΓûêΓûêΓûêΓûêΓûêΓûêΓûêΓûêΓûêΓûêΓûêΓûêΓûêΓûêΓûêΓûêΓûêΓûêΓûêΓûêΓûêΓûêΓûêΓûêΓûêΓûêΓûêΓûêΓûêΓûêΓûêΓûêΓûêΓûêΓûêΓûêΓûêΓûêΓûêΓûêΓûêΓûêΓûêΓûêΓûêΓûêΓûêΓûêΓûêΓûêΓûêΓûêΓûêΓûêΓûêΓûêΓûêΓûêΓûêΓûêΓûêΓûêΓûêΓûêΓûêΓûêΓûêΓûêΓûêΓûêΓûêΓûê
Gß╗úi ├╜: Tß╗òng chi ph├¡ = $49,510

  Task   Name                                 Dur  DailyCost    TotalCost
  ΓöÇΓöÇΓöÇΓöÇΓöÇΓöÇΓöÇΓöÇΓöÇΓöÇΓöÇΓöÇΓöÇΓöÇΓöÇΓöÇΓöÇΓöÇΓöÇΓöÇΓöÇΓöÇΓöÇΓöÇΓöÇΓöÇΓöÇΓöÇΓöÇΓöÇΓöÇΓöÇΓöÇΓöÇΓöÇΓöÇΓöÇΓöÇΓöÇΓöÇΓöÇΓöÇΓöÇΓöÇΓöÇΓöÇΓöÇΓöÇΓöÇΓöÇΓöÇΓöÇΓöÇΓöÇΓöÇΓöÇΓöÇΓöÇΓöÇΓöÇΓöÇΓöÇΓöÇΓöÇΓöÇΓöÇΓöÇΓöÇΓöÇΓöÇΓöÇΓöÇΓöÇΓöÇΓöÇ
  A      Quyß║┐t ─æß╗ïnh kiß║┐n tr├║c                   4 $      400 $      1,600
  B      ─Éß║╖c tß║ú phß║ºn cß╗⌐ng                       6 $      650 $      3,900
  C      ─Éß║╖c tß║ú phß║ºn mß╗üm                        7 $      450 $      3,150
  D      Thiß║┐t kß║┐ b─âng chuyß╗ün                   8 $      350 $      2,800
  E      Thiß║┐t kß║┐ phß║ºn cß╗⌐ng                     6 $      550 $      3,300
  F      Thiß║┐t kß║┐ phß║ºn mß╗üm                     12 $      350 $      4,200
  G      T├ái liß╗çu hß╗ç ─æiß╗üu h├ánh                 10 $      230 $      2,300
  H      Bß║ún vß║╜ phß║ºn cß╗⌐ng chi tiß║┐t              8 $      380 $      3,040
  I      Lß║¡p tr├¼nh phß║ºn mß╗üm                    16 $      280 $      4,480
  J      X├íc minh/kiß╗âm thß╗¡ phß║ºn mß╗üm            12 $      330 $      3,960
  K      Bß║ún vß║╜ b─âng chuyß╗ün chi tiß║┐t            7 $      380 $      2,660
  L      T├¡ch hß╗úp nhß╗Å/Kiß╗âm tra bß║ún vß║╜           9 $      350 $      3,150
  M      Ph├ít triß╗ân nguy├¬n mß║½u                  4 $      300 $      1,200
  N      C├ái ─æß║╖t nguy├¬n mß║½u                     7 $      200 $      1,400
  O      ─Éß║╖t h├áng/Giao phß║ºn cß╗⌐ng                7 $      230 $      1,610
  P      Giao diß╗çn hß╗ç thß╗æng                     5 $      250 $      1,250
  Q      Lß║»p r├íp phß║ºn cß╗⌐ng                      4 $      200 $        800
  R      T├¡ch hß╗úp phß║ºn cß╗⌐ng/phß║ºn mß╗üm            5 $      500 $      2,500
  S      T├ái liß╗çu phß║ºn cß╗⌐ng/phß║ºn mß╗üm            2 $      380 $        760
  T      X├íc minh hß╗ç thß╗æng                      3 $      350 $      1,050
  U      Kiß╗âm tra nghiß╗çm thu                    2 $      200 $        400
  ΓöÇΓöÇΓöÇΓöÇΓöÇΓöÇΓöÇΓöÇΓöÇΓöÇΓöÇΓöÇΓöÇΓöÇΓöÇΓöÇΓöÇΓöÇΓöÇΓöÇΓöÇΓöÇΓöÇΓöÇΓöÇΓöÇΓöÇΓöÇΓöÇΓöÇΓöÇΓöÇΓöÇΓöÇΓöÇΓöÇΓöÇΓöÇΓöÇΓöÇΓöÇΓöÇΓöÇΓöÇΓöÇΓöÇΓöÇΓöÇΓöÇΓöÇΓöÇΓöÇΓöÇΓöÇΓöÇΓöÇΓöÇΓöÇΓöÇΓöÇΓöÇΓöÇΓöÇΓöÇΓöÇΓöÇΓöÇΓöÇΓöÇΓöÇΓöÇΓöÇΓöÇΓöÇΓöÇ
  Tß╗öNG                                             $     49,510
  Γ£à PASS | Tß╗òng chi ph├¡ nh├ón c├┤ng: got=49510, expected=49510

  ≡ƒÄë CHI PH├ì NH├éN C├öNG KHß╗ÜP HO├ÇN TO├ÇN!


ΓûêΓûêΓûêΓûêΓûêΓûêΓûêΓûêΓûêΓûêΓûêΓûêΓûêΓûêΓûêΓûêΓûêΓûêΓûêΓûêΓûêΓûêΓûêΓûêΓûêΓûêΓûêΓûêΓûêΓûêΓûêΓûêΓûêΓûêΓûêΓûêΓûêΓûêΓûêΓûêΓûêΓûêΓûêΓûêΓûêΓûêΓûêΓûêΓûêΓûêΓûêΓûêΓûêΓûêΓûêΓûêΓûêΓûêΓûêΓûêΓûêΓûêΓûêΓûêΓûêΓûêΓûêΓûêΓûêΓûêΓûêΓûêΓûêΓûêΓûêΓûêΓûêΓûêΓûêΓûêΓûêΓûêΓûêΓûêΓûêΓûêΓûêΓûêΓûêΓûê
Γûê  TEST 3: RESOURCE PROFILE & SMOOTHING (Q3b, Q4)
ΓûêΓûêΓûêΓûêΓûêΓûêΓûêΓûêΓûêΓûêΓûêΓûêΓûêΓûêΓûêΓûêΓûêΓûêΓûêΓûêΓûêΓûêΓûêΓûêΓûêΓûêΓûêΓûêΓûêΓûêΓûêΓûêΓûêΓûêΓûêΓûêΓûêΓûêΓûêΓûêΓûêΓûêΓûêΓûêΓûêΓûêΓûêΓûêΓûêΓûêΓûêΓûêΓûêΓûêΓûêΓûêΓûêΓûêΓûêΓûêΓûêΓûêΓûêΓûêΓûêΓûêΓûêΓûêΓûêΓûêΓûêΓûêΓûêΓûêΓûêΓûêΓûêΓûêΓûêΓûêΓûêΓûêΓûêΓûêΓûêΓûêΓûêΓûêΓûêΓûê
T├¡nh nhu cß║ºu nh├ón sß╗▒ theo ng├áy v├á ph├ít hiß╗çn qu├í tß║úi

  PH├éN T├ìCH QU├ü Tß║óI T├ÇI NGUY├èN:
  Resource Type          Capacity     Peak    Overloaded Days
  ΓöÇΓöÇΓöÇΓöÇΓöÇΓöÇΓöÇΓöÇΓöÇΓöÇΓöÇΓöÇΓöÇΓöÇΓöÇΓöÇΓöÇΓöÇΓöÇΓöÇΓöÇΓöÇΓöÇΓöÇΓöÇΓöÇΓöÇΓöÇΓöÇΓöÇΓöÇΓöÇΓöÇΓöÇΓöÇΓöÇΓöÇΓöÇΓöÇΓöÇΓöÇΓöÇΓöÇΓöÇΓöÇΓöÇΓöÇΓöÇΓöÇΓöÇΓöÇΓöÇΓöÇΓöÇΓöÇΓöÇΓöÇΓöÇΓöÇΓöÇ
  Assm(Comp)                    1        2                  7
  Assm(Mech)                    1        2                  2
  Design(Comp)                  1        2                 14
  Design(Mech)                  1        2                  6
  Dev(Comp)                     2        3                  3
  Dev(Mech)                     1        2                 15
  Documentation                 2        3                  2
  Purchase                      1        1                  0

  Tß╗òng sß╗æ ng├áy qu├í tß║úi: 49

  Γû╢ Thß╗▒c hiß╗çn Resource Smoothing...
  Sß╗æ lß║ºn ─æiß╗üu chß╗ënh: 28
  V├▓ng lß║╖p: 1000
  ΓÜá∩╕Å Vß║½n c├▓n qu├í tß║úi (cß║ºn Resource Leveling hoß║╖c Outsourcing):
    - Design(Comp): 12 ng├áy
    - Design(Mech): 3 ng├áy
    - Dev(Comp): 5 ng├áy
    - Dev(Mech): 19 ng├áy
    - Assm(Comp): 7 ng├áy
    - Assm(Mech): 2 ng├áy
    - Documentation: 2 ng├áy

  Mß╗Öt sß╗æ ─æiß╗üu chß╗ënh ─æß║ºu ti├¬n:
    - Task B: ES 4 ΓåÆ 5 (Resource: Design(Comp), Remaining slack: 10)
    - Task B: ES 5 ΓåÆ 6 (Resource: Design(Comp), Remaining slack: 9)
    - Task B: ES 6 ΓåÆ 7 (Resource: Design(Comp), Remaining slack: 8)
    - Task B: ES 7 ΓåÆ 8 (Resource: Design(Comp), Remaining slack: 7)
    - Task B: ES 8 ΓåÆ 9 (Resource: Design(Comp), Remaining slack: 6)


ΓûêΓûêΓûêΓûêΓûêΓûêΓûêΓûêΓûêΓûêΓûêΓûêΓûêΓûêΓûêΓûêΓûêΓûêΓûêΓûêΓûêΓûêΓûêΓûêΓûêΓûêΓûêΓûêΓûêΓûêΓûêΓûêΓûêΓûêΓûêΓûêΓûêΓûêΓûêΓûêΓûêΓûêΓûêΓûêΓûêΓûêΓûêΓûêΓûêΓûêΓûêΓûêΓûêΓûêΓûêΓûêΓûêΓûêΓûêΓûêΓûêΓûêΓûêΓûêΓûêΓûêΓûêΓûêΓûêΓûêΓûêΓûêΓûêΓûêΓûêΓûêΓûêΓûêΓûêΓûêΓûêΓûêΓûêΓûêΓûêΓûêΓûêΓûêΓûêΓûê
Γûê  TEST 4: PROJECT CRASHING - ├ëP TIß║╛N ─Éß╗ÿ (Q6b)
ΓûêΓûêΓûêΓûêΓûêΓûêΓûêΓûêΓûêΓûêΓûêΓûêΓûêΓûêΓûêΓûêΓûêΓûêΓûêΓûêΓûêΓûêΓûêΓûêΓûêΓûêΓûêΓûêΓûêΓûêΓûêΓûêΓûêΓûêΓûêΓûêΓûêΓûêΓûêΓûêΓûêΓûêΓûêΓûêΓûêΓûêΓûêΓûêΓûêΓûêΓûêΓûêΓûêΓûêΓûêΓûêΓûêΓûêΓûêΓûêΓûêΓûêΓûêΓûêΓûêΓûêΓûêΓûêΓûêΓûêΓûêΓûêΓûêΓûêΓûêΓûêΓûêΓûêΓûêΓûêΓûêΓûêΓûêΓûêΓûêΓûêΓûêΓûêΓûêΓûê
R├║t ngß║»n dß╗▒ ├ín tß╗½ 14 tuß║ºn xuß╗æng 13 tuß║ºn bß║▒ng overtime (T7/CN)
Gß╗úi ├╜: Chi ph├¡ tuß║ºn 13 = $70,345

  Thß╗¥i gian hiß╗çn tß║íi: 66 ng├áy (14 tuß║ºn)
  Thß╗¥i gian mß╗Ñc ti├¬u: 65 ng├áy (13 tuß║ºn)
  Cß║ºn r├║t ngß║»n: 1 ng├áy


==========================================================================================
QU├ü TR├îNH ├ëP TIß║╛N ─Éß╗ÿ (PROJECT CRASHING)
==========================================================================================
Thß╗¥i gian dß╗▒ ├ín ban ─æß║ºu: 66 ng├áy

 Step Action                        Task       Cost     Cum.Cost   Duration
------------------------------------------------------------------------------------------
    1 CRASH                            U $      300 $        300       65 ng├áy
==========================================================================================

  Kß║┐t quß║ú sau khi crash:
    - Thß╗¥i gian mß╗¢i: 65 ng├áy (13 tuß║ºn)
    - Tß╗òng chi ph├¡ overtime: $300

  Bß║óN Tß╗öNG Hß╗óP CHI PH├ì (Tuß║ºn 13):
    Chi ph├¡ nh├ón c├┤ng b├¼nh th╞░ß╗¥ng:  $    49,510
    Chi ph├¡ overtime (crashing):    $       300
    Overhead (13 tuß║ºn ├ù $500):   $     6,500
    Phß║ít trß╗à hß║ín:                   $     2,000
    Th╞░ß╗ƒng ho├án th├ánh sß╗¢m:         -$         0
    ΓöÇΓöÇΓöÇΓöÇΓöÇΓöÇΓöÇΓöÇΓöÇΓöÇΓöÇΓöÇΓöÇΓöÇΓöÇΓöÇΓöÇΓöÇΓöÇΓöÇΓöÇΓöÇΓöÇΓöÇΓöÇΓöÇΓöÇΓöÇΓöÇΓöÇΓöÇΓöÇΓöÇΓöÇΓöÇΓöÇΓöÇΓöÇΓöÇΓöÇΓöÇΓöÇΓöÇΓöÇ
    Tß╗öNG CHI PH├ì Dß╗░ ├üN:            $    58,310


ΓûêΓûêΓûêΓûêΓûêΓûêΓûêΓûêΓûêΓûêΓûêΓûêΓûêΓûêΓûêΓûêΓûêΓûêΓûêΓûêΓûêΓûêΓûêΓûêΓûêΓûêΓûêΓûêΓûêΓûêΓûêΓûêΓûêΓûêΓûêΓûêΓûêΓûêΓûêΓûêΓûêΓûêΓûêΓûêΓûêΓûêΓûêΓûêΓûêΓûêΓûêΓûêΓûêΓûêΓûêΓûêΓûêΓûêΓûêΓûêΓûêΓûêΓûêΓûêΓûêΓûêΓûêΓûêΓûêΓûêΓûêΓûêΓûêΓûêΓûêΓûêΓûêΓûêΓûêΓûêΓûêΓûêΓûêΓûêΓûêΓûêΓûêΓûêΓûêΓûê
Γûê  TEST 5: EARNED VALUE ANALYSIS (Q7)
ΓûêΓûêΓûêΓûêΓûêΓûêΓûêΓûêΓûêΓûêΓûêΓûêΓûêΓûêΓûêΓûêΓûêΓûêΓûêΓûêΓûêΓûêΓûêΓûêΓûêΓûêΓûêΓûêΓûêΓûêΓûêΓûêΓûêΓûêΓûêΓûêΓûêΓûêΓûêΓûêΓûêΓûêΓûêΓûêΓûêΓûêΓûêΓûêΓûêΓûêΓûêΓûêΓûêΓûêΓûêΓûêΓûêΓûêΓûêΓûêΓûêΓûêΓûêΓûêΓûêΓûêΓûêΓûêΓûêΓûêΓûêΓûêΓûêΓûêΓûêΓûêΓûêΓûêΓûêΓûêΓûêΓûêΓûêΓûêΓûêΓûêΓûêΓûêΓûêΓûê
Ph├ón t├¡ch gi├í trß╗ï thu ─æ╞░ß╗úc tß║íi cuß╗æi tuß║ºn 5 (Ng├áy 25)
Sß╗¡ dß╗Ñng dß╗» liß╗çu Bß║úng 7 tß╗½ Case Study

  NG├éN S├üCH Tß╗¬NG TASK (Budget at Completion):
  Task   Resources                                        Daily   Dur     Budget
  ΓöÇΓöÇΓöÇΓöÇΓöÇΓöÇΓöÇΓöÇΓöÇΓöÇΓöÇΓöÇΓöÇΓöÇΓöÇΓöÇΓöÇΓöÇΓöÇΓöÇΓöÇΓöÇΓöÇΓöÇΓöÇΓöÇΓöÇΓöÇΓöÇΓöÇΓöÇΓöÇΓöÇΓöÇΓöÇΓöÇΓöÇΓöÇΓöÇΓöÇΓöÇΓöÇΓöÇΓöÇΓöÇΓöÇΓöÇΓöÇΓöÇΓöÇΓöÇΓöÇΓöÇΓöÇΓöÇΓöÇΓöÇΓöÇΓöÇΓöÇΓöÇΓöÇΓöÇΓöÇΓöÇΓöÇΓöÇΓöÇΓöÇΓöÇΓöÇΓöÇΓöÇΓöÇΓöÇΓöÇΓöÇΓöÇΓöÇΓöÇ
  A      Design(Comp), Design(Mech)                    $    400     4 $    1,600
  B      Design(Comp), Design(Mech), Dev(Mech), Assm(Mech) $    650     6 $    3,900
  C      Design(Comp), Dev(Comp), Assm(Comp)           $    450     7 $    3,150
  D      Design(Mech), Dev(Mech)                       $    350     8 $    2,800
  E      Design(Comp), Design(Mech), Dev(Mech)         $    550     6 $    3,300
  F      Design(Comp), Dev(Comp)                       $    350    12 $    4,200
  G      Dev(Comp), Documentation                      $    230    10 $    2,300
  H      Dev(Comp), Dev(Mech), Documentation           $    380     8 $    3,040
  I      Design(Comp), Documentation                   $    280    16 $    4,480
  J      Dev(Comp), Assm(Comp), Documentation          $    330    12 $    3,960
  K      Dev(Comp), Dev(Mech), Documentation           $    380     7 $    2,660
  L      Dev(Comp), Assm(Comp), Assm(Mech)             $    350     9 $    3,150
  M      Dev(Comp), Dev(Mech)                          $    300     4 $    1,200
  N      Assm(Comp), Assm(Mech)                        $    200     7 $    1,400
  O      Dev(Mech), Purchase                           $    230     7 $    1,610
  P      Dev(Mech), Assm(Mech)                         $    250     5 $    1,250
  Q      Assm(Comp), Assm(Mech)                        $    200     4 $      800
  R      Dev(Comp), Dev(Mech), Assm(Comp), Assm(Mech)  $    500     5 $    2,500
  S      Dev(Comp), Dev(Mech), Documentation           $    380     2 $      760
  T      Dev(Mech), Assm(Comp), Assm(Mech)             $    350     3 $    1,050
  U      Assm(Comp), Assm(Mech)                        $    200     2 $      400
  ΓöÇΓöÇΓöÇΓöÇΓöÇΓöÇΓöÇΓöÇΓöÇΓöÇΓöÇΓöÇΓöÇΓöÇΓöÇΓöÇΓöÇΓöÇΓöÇΓöÇΓöÇΓöÇΓöÇΓöÇΓöÇΓöÇΓöÇΓöÇΓöÇΓöÇΓöÇΓöÇΓöÇΓöÇΓöÇΓöÇΓöÇΓöÇΓöÇΓöÇΓöÇΓöÇΓöÇΓöÇΓöÇΓöÇΓöÇΓöÇΓöÇΓöÇΓöÇΓöÇΓöÇΓöÇΓöÇΓöÇΓöÇΓöÇΓöÇΓöÇΓöÇΓöÇΓöÇΓöÇΓöÇΓöÇΓöÇΓöÇΓöÇΓöÇΓöÇΓöÇΓöÇΓöÇΓöÇΓöÇΓöÇΓöÇΓöÇΓöÇ
  BAC (Budget at Completion)                                   $   49,510

======================================================================
PH├éN T├ìCH GI├ü TRß╗è THU ─É╞»ß╗óC (Earned Value Analysis)
Thß╗¥i ─æiß╗âm kiß╗âm tra: Ng├áy 25
======================================================================

≡ƒôè CHß╗ê Sß╗É CH├ìNH:
  BAC (Tß╗òng ng├ón s├ích):               $   49,510.00
  PV (Gi├í trß╗ï kß║┐ hoß║ích):              $   25,790.00
  EV (Gi├í trß╗ï thu ─æ╞░ß╗úc):              $   22,478.00
  AC (Chi ph├¡ thß╗▒c tß║┐):               $   43,900.00

≡ƒôê CHß╗ê Sß╗É HIß╗åU SUß║ñT:
  SV (Schedule Variance):             $   -3,312.00
  CV (Cost Variance):                 $  -21,422.00
  SPI (Schedule Perf. Index):                0.872
  CPI (Cost Perf. Index):                    0.512

≡ƒö« Dß╗░ B├üO:
  EAC (Dß╗▒ b├ío tß╗òng chi ph├¡):          $   96,694.06
  ETC (Chi ph├¡ cß║ºn th├¬m):             $   52,794.06
  VAC (Ch├¬nh lß╗çch cuß╗æi c├╣ng):         $  -47,184.06
  Ng├áy ho├án th├ánh dß╗▒ kiß║┐n:                    75.7 ng├áy

≡ƒÅÑ ─É├üNH GI├ü Sß╗¿C KHß╗ÄE Dß╗░ ├üN:
  ΓÜá∩╕Å TRß╗ä TIß║╛N ─Éß╗ÿ (Behind Schedule)
  ΓÜá∩╕Å V╞»ß╗óT NG├éN S├üCH (Over Budget)

≡ƒôï CHI TIß║╛T Tß╗¬NG TASK:
  Task       Budget    %Done         EV         AC   Variance
  ------------------------------------------------------------
  A      $ 1,600.00     100% $ 1,600.00 $ 2,400.00 $  -800.00
  B      $ 3,900.00     100% $ 3,900.00 $ 6,500.00 $-2,600.00
  C      $ 3,150.00     100% $ 3,150.00 $ 4,300.00 $-1,150.00
  D      $ 2,800.00     100% $ 2,800.00 $ 3,500.00 $  -700.00
  E      $ 3,300.00     100% $ 3,300.00 $ 6,100.00 $-2,800.00
  F      $ 4,200.00      50% $ 2,100.00 $ 8,500.00 $-6,400.00
  G      $ 2,300.00     100% $ 2,300.00 $ 2,100.00 $   200.00
  H      $ 3,040.00      10% $   304.00 $ 2,000.00 $-1,696.00
  I      $ 4,480.00      20% $   896.00 $ 5,300.00 $-4,404.00
  K      $ 2,660.00      80% $ 2,128.00 $ 3,200.00 $-1,072.00
======================================================================

ΓöÇΓöÇΓöÇΓöÇΓöÇΓöÇΓöÇΓöÇΓöÇΓöÇΓöÇΓöÇΓöÇΓöÇΓöÇΓöÇΓöÇΓöÇΓöÇΓöÇΓöÇΓöÇΓöÇΓöÇΓöÇΓöÇΓöÇΓöÇΓöÇΓöÇΓöÇΓöÇΓöÇΓöÇΓöÇΓöÇΓöÇΓöÇΓöÇΓöÇΓöÇΓöÇΓöÇΓöÇΓöÇΓöÇΓöÇΓöÇΓöÇΓöÇΓöÇΓöÇΓöÇΓöÇΓöÇΓöÇΓöÇΓöÇΓöÇΓöÇΓöÇΓöÇΓöÇΓöÇΓöÇΓöÇΓöÇΓöÇΓöÇΓöÇ
─Éß╗ÉI CHIß║╛U Vß╗ÜI Dß╗« LIß╗åU CASE STUDY:
ΓöÇΓöÇΓöÇΓöÇΓöÇΓöÇΓöÇΓöÇΓöÇΓöÇΓöÇΓöÇΓöÇΓöÇΓöÇΓöÇΓöÇΓöÇΓöÇΓöÇΓöÇΓöÇΓöÇΓöÇΓöÇΓöÇΓöÇΓöÇΓöÇΓöÇΓöÇΓöÇΓöÇΓöÇΓöÇΓöÇΓöÇΓöÇΓöÇΓöÇΓöÇΓöÇΓöÇΓöÇΓöÇΓöÇΓöÇΓöÇΓöÇΓöÇΓöÇΓöÇΓöÇΓöÇΓöÇΓöÇΓöÇΓöÇΓöÇΓöÇΓöÇΓöÇΓöÇΓöÇΓöÇΓöÇΓöÇΓöÇΓöÇΓöÇ
  EV t├¡nh thß╗º c├┤ng: $22,478.00
  EV tß╗½ module:     $22,478.00
  Γ£à PASS | EV consistency: got=22478.0, expected=22478.0

  AC tß╗òng hß╗úp:      $43,900.00
  AC tß╗½ module:     $43,900.00
  Γ£à PASS | AC consistency: got=43900, expected=43900


ΓûêΓûêΓûêΓûêΓûêΓûêΓûêΓûêΓûêΓûêΓûêΓûêΓûêΓûêΓûêΓûêΓûêΓûêΓûêΓûêΓûêΓûêΓûêΓûêΓûêΓûêΓûêΓûêΓûêΓûêΓûêΓûêΓûêΓûêΓûêΓûêΓûêΓûêΓûêΓûêΓûêΓûêΓûêΓûêΓûêΓûêΓûêΓûêΓûêΓûêΓûêΓûêΓûêΓûêΓûêΓûêΓûêΓûêΓûêΓûêΓûêΓûêΓûêΓûêΓûêΓûêΓûêΓûêΓûêΓûêΓûêΓûêΓûêΓûêΓûêΓûêΓûêΓûêΓûêΓûêΓûêΓûêΓûêΓûêΓûêΓûêΓûêΓûêΓûêΓûê
Γûê  Tß╗öNG Kß║╛T KIß╗éM THß╗¼
ΓûêΓûêΓûêΓûêΓûêΓûêΓûêΓûêΓûêΓûêΓûêΓûêΓûêΓûêΓûêΓûêΓûêΓûêΓûêΓûêΓûêΓûêΓûêΓûêΓûêΓûêΓûêΓûêΓûêΓûêΓûêΓûêΓûêΓûêΓûêΓûêΓûêΓûêΓûêΓûêΓûêΓûêΓûêΓûêΓûêΓûêΓûêΓûêΓûêΓûêΓûêΓûêΓûêΓûêΓûêΓûêΓûêΓûêΓûêΓûêΓûêΓûêΓûêΓûêΓûêΓûêΓûêΓûêΓûêΓûêΓûêΓûêΓûêΓûêΓûêΓûêΓûêΓûêΓûêΓûêΓûêΓûêΓûêΓûêΓûêΓûêΓûêΓûêΓûêΓûê

  Tß╗òng sß╗æ module kiß╗âm thß╗¡: 5
  Sß╗æ module PASS:          5
  Sß╗æ module cß║ºn kiß╗âm tra:  0

  ΓòÉΓòÉΓòÉ Kß║╛T QUß║ó ─Éß╗ÉI CHIß║╛U Vß╗ÜI CASE STUDY ΓòÉΓòÉΓòÉ
  Γ£à Thß╗¥i gian dß╗▒ ├ín:   66 ng├áy (Case study: 66 ng├áy)
  Γ£à Chi ph├¡ nh├ón c├┤ng: $49,510 (Case study: $49,510)
  ≡ƒôè EVA - SPI: 0.872, CPI: 0.512
  ≡ƒôè EVA - EAC: $96,694.06

  ≡ƒÄë≡ƒÄë≡ƒÄë THUß║¼T TO├üN T├ìNH TO├üN CH├ìNH X├üC 100% SO Vß╗ÜI CASE STUDY! ≡ƒÄë≡ƒÄë≡ƒÄë

